// Jest Snapshot v1, https://goo.gl/fbAQLP

exports[`Calculator component should match the snapshot 1`] = `
<DocumentFragment>
  <div
    class="calculator-container"
  >
    <h1>
      Let's do some math!
    </h1>
    <div
      class="calculator"
    >
      <div
        class="output-screen"
      >
        <div
          class="operation"
        />
      </div>
      <div
        class="button-grid"
      >
        <button
          class="calc-button  "
          type="button"
        >
          AC
        </button>
        <button
          class="calc-button  "
          type="button"
        >
          +/-
        </button>
        <button
          class="calc-button  "
          type="button"
        >
          %
        </button>
        <button
          class="calc-button  operation-button"
          type="button"
        >
          /
        </button>
        <button
          class="calc-button  "
          type="button"
        >
          7
        </button>
        <button
          class="calc-button  "
          type="button"
        >
          8
        </button>
        <button
          class="calc-button  "
          type="button"
        >
          9
        </button>
        <button
          class="calc-button  operation-button"
          type="button"
        >
          *
        </button>
        <button
          class="calc-button  "
          type="button"
        >
          4
        </button>
        <button
          class="calc-button  "
          type="button"
        >
          5
        </button>
        <button
          class="calc-button  "
          type="button"
        >
          6
        </button>
        <button
          class="calc-button  operation-button"
          type="button"
        >
          -
        </button>
        <button
          class="calc-button  "
          type="button"
        >
          1
        </button>
        <button
          class="calc-button  "
          type="button"
        >
          2
        </button>
        <button
          class="calc-button  "
          type="button"
        >
          3
        </button>
        <button
          class="calc-button  operation-button"
          type="button"
        >
          +
        </button>
        <button
          class="calc-button double-width "
          type="button"
        >
          0
        </button>
        <button
          class="calc-button  "
          type="button"
        >
          .
        </button>
        <button
          class="calc-button  operation-button"
          type="button"
        >
          =
        </button>
      </div>
    </div>
  </div>
</DocumentFragment>
`;

exports[`Calculator component should match the snapshot after interactions 1`] = `
<DocumentFragment>
  <div
    class="calculator-container"
  >
    <h1>
      Let's do some math!
    </h1>
    <div
      class="calculator"
    >
      <div
        class="output-screen"
      >
        <div
          class="operation"
        />
      </div>
      <div
        class="button-grid"
      >
        <button
          class="calc-button  "
          type="button"
        >
          AC
        </button>
        <button
          class="calc-button  "
          type="button"
        >
          +/-
        </button>
        <button
          class="calc-button  "
          type="button"
        >
          %
        </button>
        <button
          class="calc-button  operation-button"
          type="button"
        >
          /
        </button>
        <button
          class="calc-button  "
          type="button"
        >
          7
        </button>
        <button
          class="calc-button  "
          type="button"
        >
          8
        </button>
        <button
          class="calc-button  "
          type="button"
        >
          9
        </button>
        <button
          class="calc-button  operation-button"
          type="button"
        >
          *
        </button>
        <button
          class="calc-button  "
          type="button"
        >
          4
        </button>
        <button
          class="calc-button  "
          type="button"
        >
          5
        </button>
        <button
          class="calc-button  "
          type="button"
        >
          6
        </button>
        <button
          class="calc-button  operation-button"
          type="button"
        >
          -
        </button>
        <button
          class="calc-button  "
          type="button"
        >
          1
        </button>
        <button
          class="calc-button  "
          type="button"
        >
          2
        </button>
        <button
          class="calc-button  "
          type="button"
        >
          3
        </button>
        <button
          class="calc-button  operation-button"
          type="button"
        >
          +
        </button>
        <button
          class="calc-button double-width "
          type="button"
        >
          0
        </button>
        <button
          class="calc-button  "
          type="button"
        >
          .
        </button>
        <button
          class="calc-button  operation-button"
          type="button"
        >
          =
        </button>
      </div>
    </div>
  </div>
</DocumentFragment>
`;
