// Jest Snapshot v1, https://goo.gl/fbAQLP

exports[`QuoteDisplay component should match the snapshot 1`] = `
<DocumentFragment>
  <div
    class="quote-display loading"
  >
    Loading...
  </div>
</DocumentFragment>
`;
